// Jest Snapshot v1, https://goo.gl/fbAQLP

exports[`Landing render correctly 1`] = `
<div
  className="landing"
>
  <h1>
    svideo
  </h1>
  <form
    onSubmit={[Function]}
  >
    <input
      placeholder="Search"
      type="text"
    />
  </form>
  <Link
    replace={false}
    to="/search"
  >
    or Browse All
  </Link>
</div>
`;
